<?xml version="1.0" encoding="utf-8"?><testsuites name="pytest tests"><testsuite name="pytest" errors="0" failures="0" skipped="0" tests="92" time="0.329" timestamp="2026-03-26T03:05:38.851540+04:00" hostname="DESKTOP-LNEOHIJ"><testcase classname="tests.test_generators" name="test_filter_by_currency_usd_code" time="0.002" /><testcase classname="tests.test_generators" name="test_filter_by_currency_rub_code" time="0.001" /><testcase classname="tests.test_generators" name="test_filter_by_currency_nonexistent_currency" time="0.001" /><testcase classname="tests.test_generators" name="test_filter_by_currency_empty_list" time="0.001" /><testcase classname="tests.test_generators" name="test_transaction_descriptions_all_transactions" time="0.001" /><testcase classname="tests.test_generators" name="test_transaction_descriptions_single_transaction" time="0.001" /><testcase classname="tests.test_generators" name="test_transaction_descriptions_empty_list" time="0.001" /><testcase classname="tests.test_generators" name="test_card_formatting[1-0000 0000 0000 0001]" time="0.001" /><testcase classname="tests.test_generators" name="test_card_formatting[42-0000 0000 0000 0042]" time="0.001" /><testcase classname="tests.test_generators" name="test_card_formatting[123-0000 0000 0000 0123]" time="0.001" /><testcase classname="tests.test_generators" name="test_card_formatting[1234-0000 0000 0000 1234]" time="0.001" /><testcase classname="tests.test_generators" name="test_card_formatting[12345-0000 0000 0001 2345]" time="0.001" /><testcase classname="tests.test_generators" name="test_card_formatting[12345678-0000 0000 1234 5678]" time="0.001" /><testcase classname="tests.test_generators" name="test_card_formatting[123456789012-0000 1234 5678 9012]" time="0.001" /><testcase classname="tests.test_generators" name="test_card_formatting[9999999999999999-9999 9999 9999 9999]" time="0.001" /><testcase classname="tests.test_generators" name="test_range_generation[1-3-expected_list0]" time="0.001" /><testcase classname="tests.test_generators" name="test_range_generation[100-102-expected_list1]" time="0.001" /><testcase classname="tests.test_generators" name="test_edge_values" time="0.001" /><testcase classname="tests.test_generators" name="test_lazy_generation" time="0.001" /><testcase classname="tests.test_generators" name="test_invalid_ranges[5-3-\u041d\u0430\u0447\u0430\u043b\u044c\u043d\u043e\u0435 \u0437\u043d\u0430\u0447\u0435\u043d\u0438\u0435 \u043d\u0435 \u043c\u043e\u0436\u0435\u0442 \u0431\u044b\u0442\u044c \u0431\u043e\u043b\u044c\u0448\u0435 \u043a\u043e\u043d\u0435\u0447\u043d\u043e\u0433\u043e]" time="0.001" /><testcase classname="tests.test_generators" name="test_invalid_ranges[0-5-\u041d\u0430\u0447\u0430\u043b\u044c\u043d\u043e\u0435 \u0437\u043d\u0430\u0447\u0435\u043d\u0438\u0435 \u0434\u043e\u043b\u0436\u043d\u043e \u0431\u044b\u0442\u044c \u043d\u0435 \u043c\u0435\u043d\u0435\u0435 1]" time="0.001" /><testcase classname="tests.test_generators" name="test_invalid_ranges[1-10000000000000000-\u041a\u043e\u043d\u0435\u0447\u043d\u043e\u0435 \u0437\u043d\u0430\u0447\u0435\u043d\u0438\u0435 \u043d\u0435 \u043c\u043e\u0436\u0435\u0442 \u043f\u0440\u0435\u0432\u044b\u0448\u0430\u0442\u044c 9999999999999999]" time="0.002" /><testcase classname="tests.test_generators" name="test_large_range" time="0.001" /><testcase classname="tests.test_generators" name="test_single_element" time="0.001" /><testcase classname="tests.test_generators" name="test_performance_large_count" time="0.003" /><testcase classname="tests.test_generators" name="test_card_length[1]" time="0.001" /><testcase classname="tests.test_generators" name="test_card_length[42]" time="0.001" /><testcase classname="tests.test_generators" name="test_card_length[123456789012]" time="0.001" /><testcase classname="tests.test_generators" name="test_card_length[9999999999999999]" time="0.001" /><testcase classname="tests.test_generators" name="test_no_extra_characters" time="0.001" /><testcase classname="tests.test_log_decorator.TestLogDecorator" name="test_error_execution_console" time="0.002" /><testcase classname="tests.test_log_decorator.TestLogDecorator" name="test_successful_execution_with_filename" time="0.004" /><testcase classname="tests.test_log_decorator.TestLogDecorator" name="test_error_execution_with_filename" time="0.004" /><testcase classname="tests.test_log_decorator.TestLogDecorator" name="test_successful_execution_console" time="0.002" /><testcase classname="tests.test_log_decorator.TestLogDecorator" name="test_function_with_kwargs" time="0.001" /><testcase classname="tests.test_log_decorator.TestLogDecorator" name="test_multiple_calls_same_function" time="0.001" /><testcase classname="tests.test_log_decorator.TestLogDecorator" name="test_different_log_files" time="0.006" /><testcase classname="tests.test_log_decorator.TestLogDecorator" name="test_no_arguments_function" time="0.001" /><testcase classname="tests.test_log_decorator.TestLogDecorator" name="test_exception_with_args_and_kwargs" time="0.001" /><testcase classname="tests.test_masks" name="test_get_mask_card_number_int" time="0.001" /><testcase classname="tests.test_masks" name="test_get_mask_card_number_string" time="0.001" /><testcase classname="tests.test_masks" name="test_get_mask_card_number_valid" time="0.001" /><testcase classname="tests.test_masks" name="test_get_mask_card_number_invalid_lengths" time="0.001" /><testcase classname="tests.test_masks" name="test_get_mask_card_number_valid_string" time="0.001" /><testcase classname="tests.test_masks" name="test_get_mask_card_number_short_number" time="0.001" /><testcase classname="tests.test_masks" name="test_get_mask_card_number_long_number" time="0.001" /><testcase classname="tests.test_masks" name="test_get_mask_card_number_empty_string" time="0.001" /><testcase classname="tests.test_masks" name="test_get_mask_card_number_leading_zeros" time="0.001" /><testcase classname="tests.test_masks" name="test_get_mask_card_number_all_zeros" time="0.001" /><testcase classname="tests.test_masks" name="test_get_mask_account_valid_int" time="0.001" /><testcase classname="tests.test_masks" name="test_get_mask_account_valid_string" time="0.001" /><testcase classname="tests.test_masks" name="test_get_mask_account_short_number" time="0.001" /><testcase classname="tests.test_masks" name="test_get_mask_account_exactly_4_digits" time="0.001" /><testcase classname="tests.test_masks" name="test_get_mask_account_empty_string" time="0.001" /><testcase classname="tests.test_masks" name="test_get_mask_account_leading_zeros" time="0.001" /><testcase classname="tests.test_masks" name="test_get_mask_account_all_zeros" time="0.001" /><testcase classname="tests.test_masks" name="test_get_mask_account_long_number" time="0.001" /><testcase classname="tests.test_masks" name="test_get_mask_account_number_edge_cases" time="0.001" /><testcase classname="tests.test_processing.TestFilterByState" name="test_filter_by_state_parametrized[EXECUTED-2]" time="0.001" /><testcase classname="tests.test_processing.TestFilterByState" name="test_filter_by_state_parametrized[CANCELED-2]" time="0.001" /><testcase classname="tests.test_processing.TestFilterByState" name="test_filter_by_state_parametrized[PENDING-1]" time="0.001" /><testcase classname="tests.test_processing.TestFilterByState" name="test_filter_by_state_parametrized[UNKNOWN-0]" time="0.001" /><testcase classname="tests.test_processing.TestFilterByState" name="test_filter_empty_list" time="0.001" /><testcase classname="tests.test_processing.TestFilterByState" name="test_filter_missing_state_key" time="0.001" /><testcase classname="tests.test_processing.TestFilterByState" name="test_filter_non_list_input" time="0.001" /><testcase classname="tests.test_processing.TestFilterByState" name="test_filter_none_input" time="0.001" /><testcase classname="tests.test_processing.TestSortByDate" name="test_sort_by_date_parametrized[True-expected_order0]" time="0.001" /><testcase classname="tests.test_processing.TestSortByDate" name="test_sort_by_date_parametrized[False-expected_order1]" time="0.001" /><testcase classname="tests.test_processing.TestSortByDate" name="test_sort_empty_list" time="0.001" /><testcase classname="tests.test_processing.TestSortByDate" name="test_sort_single_item" time="0.001" /><testcase classname="tests.test_processing.TestSortByDate.TestSortByDate" name="test_sort_same_dates" time="0.001" /><testcase classname="tests.test_processing.TestSortByDate" name="test_sort_missing_date_key" time="0.001" /><testcase classname="tests.test_processing.TestSortByDate" name="test_sort_invalid_date_format" time="0.001" /><testcase classname="tests.test_processing.TestSortByDate" name="test_sort_non_list_input" time="0.001" /><testcase classname="tests.test_processing.TestSortByDate" name="test_sort_none_input" time="0.001" /><testcase classname="tests.test_processing.TestCombinedUsage" name="test_combined_filter_and_sort[EXECUTED-True-41428829]" time="0.001" /><testcase classname="tests.test_processing.TestCombinedUsage" name="test_combined_filter_and_sort[EXECUTED-False-939719570]" time="0.001" /><testcase classname="tests.test_processing.TestCombinedUsage" name="test_combined_filter_and_sort[CANCELED-True-615064591]" time="0.001" /><testcase classname="tests.test_processing.TestCombinedUsage" name="test_combined_filter_and_sort[PENDING-False-777777777]" time="0.001" /><testcase classname="tests.test_processing.TestCombinedUsage" name="test_combined_filter_and_sort[UNKNOWN-True-None]" time="0.001" /><testcase classname="tests.test_processing.TestCombinedUsage" name="test_filter_then_sort_empty_result" time="0.001" /><testcase classname="tests.test_processing.TestErrorCases" name="test_filter_with_none_data" time="0.001" /><testcase classname="tests.test_processing.TestErrorCases" name="test_sort_with_none_data" time="0.001" /><testcase classname="tests.test_widget" name="test_mask_account_card_american_express" time="0.001" /><testcase classname="tests.test_widget" name="test_mask_account_card_valid_cards" time="0.001" /><testcase classname="tests.test_widget" name="test_get_date_valid_iso_formats" time="0.007" /><testcase classname="tests.test_widget" name="test_get_date_invalid_formats" time="0.001" /><testcase classname="tests.test_widget" name="test_mask_account_card_valid_card" time="0.001" /><testcase classname="tests.test_widget" name="test_mask_account_card_valid_account" time="0.001" /><testcase classname="tests.test_widget" name="test_get_date_valid_iso_format" time="0.001" /><testcase classname="tests.test_widget" name="test_get_date_date_with_zero_milliseconds" time="0.001" /><testcase classname="tests.test_widget" name="test_get_date_different_separators" time="0.001" /></testsuite></testsuites>